Flow report for projaoc
Tue Apr 03 00:43:49 2018
Quartus Prime Version 16.1.0 Build 196 10/24/2016 SJ Lite Edition


---------------------
; Table of Contents ;
---------------------
  1. Legal Notice
  2. Flow Summary
  3. Flow Settings
  4. Flow Non-Default Global Settings
  5. Flow Elapsed Time
  6. Flow OS Summary
  7. Flow Log
  8. Flow Messages
  9. Flow Suppressed Messages



----------------
; Legal Notice ;
----------------
Copyright (C) 2016  Intel Corporation. All rights reserved.
Your use of Intel Corporation's design tools, logic functions 
and other software and tools, and its AMPP partner logic 
functions, and any output files from any of the foregoing 
(including device programming or simulation files), and any 
associated documentation or information are expressly subject 
to the terms and conditions of the Intel Program License 
Subscription Agreement, the Intel Quartus Prime License Agreement,
the Intel MegaCore Function License Agreement, or other 
applicable license agreement, including, without limitation, 
that your use is for the sole purpose of programming logic 
devices manufactured by Intel and sold by Intel or its 
authorized distributors.  Please refer to the applicable 
agreement for further details.



+----------------------------------------------------------------------------------+
; Flow Summary                                                                     ;
+------------------------------------+---------------------------------------------+
; Flow Status                        ; Successful - Tue Apr 03 00:43:49 2018       ;
; Quartus Prime Version              ; 16.1.0 Build 196 10/24/2016 SJ Lite Edition ;
; Revision Name                      ; projaoc                                     ;
; Top-level Entity Name              ; projaoc                                     ;
; Family                             ; Cyclone IV E                                ;
; Device                             ; EP4CE115F29C7                               ;
; Timing Models                      ; Final                                       ;
; Total logic elements               ; 66,810 / 114,480 ( 58 % )                   ;
;     Total combinational functions  ; 41,270 / 114,480 ( 36 % )                   ;
;     Dedicated logic registers      ; 52,576 / 114,480 ( 46 % )                   ;
; Total registers                    ; 52576                                       ;
; Total pins                         ; 76 / 529 ( 14 % )                           ;
; Total virtual pins                 ; 0                                           ;
; Total memory bits                  ; 13,056 / 3,981,312 ( < 1 % )                ;
; Embedded Multiplier 9-bit elements ; 6 / 532 ( 1 % )                             ;
; Total PLLs                         ; 0 / 4 ( 0 % )                               ;
+------------------------------------+---------------------------------------------+


+-----------------------------------------+
; Flow Settings                           ;
+-------------------+---------------------+
; Option            ; Setting             ;
+-------------------+---------------------+
; Start date & time ; 04/03/2018 00:31:58 ;
; Main task         ; Compilation         ;
; Revision Name     ; projaoc             ;
+-------------------+---------------------+


+---------------------------------------------------------------------------------------------------------------------------------------+
; Flow Non-Default Global Settings                                                                                                      ;
+-------------------------------------+---------------------------------------------+--------------------+-------------+----------------+
; Assignment Name                     ; Value                                       ; Default Value      ; Entity Name ; Section Id     ;
+-------------------------------------+---------------------------------------------+--------------------+-------------+----------------+
; COMPILER_SIGNATURE_ID               ; 10995770589201.152272631711540              ; --                 ; --          ; --             ;
; EDA_GENERATE_FUNCTIONAL_NETLIST     ; On                                          ; --                 ; --          ; eda_simulation ;
; EDA_NETLIST_WRITER_OUTPUT_DIR       ; /home-local/aluno/Documentos/jh/processador ; --                 ; --          ; eda_simulation ;
; EDA_OUTPUT_DATA_FORMAT              ; Verilog Hdl                                 ; --                 ; --          ; eda_simulation ;
; EDA_SIMULATION_TOOL                 ; ModelSim-Altera (Verilog)                   ; <None>             ; --          ; --             ;
; EDA_TIME_SCALE                      ; 1 ps                                        ; --                 ; --          ; eda_simulation ;
; FITTER_EFFORT                       ; Fast Fit                                    ; Auto Fit           ; --          ; --             ;
; MAX_CORE_JUNCTION_TEMP              ; 85                                          ; --                 ; --          ; --             ;
; MIN_CORE_JUNCTION_TEMP              ; 0                                           ; --                 ; --          ; --             ;
; OPTIMIZE_HOLD_TIMING                ; Off                                         ; All Paths          ; --          ; --             ;
; OPTIMIZE_TIMING                     ; Off                                         ; Normal compilation ; --          ; --             ;
; OUTPUT_IO_TIMING_FAR_END_VMEAS      ; Half Signal Swing                           ; --                 ; --          ; --             ;
; OUTPUT_IO_TIMING_FAR_END_VMEAS      ; Half Signal Swing                           ; --                 ; --          ; --             ;
; OUTPUT_IO_TIMING_NEAR_END_VMEAS     ; Half Vccio                                  ; --                 ; --          ; --             ;
; OUTPUT_IO_TIMING_NEAR_END_VMEAS     ; Half Vccio                                  ; --                 ; --          ; --             ;
; PARTITION_COLOR                     ; -- (Not supported for targeted family)      ; --                 ; --          ; Top            ;
; PARTITION_FITTER_PRESERVATION_LEVEL ; -- (Not supported for targeted family)      ; --                 ; --          ; Top            ;
; PARTITION_NETLIST_TYPE              ; -- (Not supported for targeted family)      ; --                 ; --          ; Top            ;
; POWER_BOARD_THERMAL_MODEL           ; None (CONSERVATIVE)                         ; --                 ; --          ; --             ;
; POWER_PRESET_COOLING_SOLUTION       ; 23 MM HEAT SINK WITH 200 LFPM AIRFLOW       ; --                 ; --          ; --             ;
; PROJECT_OUTPUT_DIRECTORY            ; output_files                                ; --                 ; --          ; --             ;
; SAVE_DISK_SPACE                     ; Off                                         ; On                 ; --          ; --             ;
; SMART_RECOMPILE                     ; On                                          ; Off                ; --          ; --             ;
; SYNTH_TIMING_DRIVEN_SYNTHESIS       ; Off                                         ; On                 ; --          ; --             ;
; TIMEQUEST_MULTICORNER_ANALYSIS      ; Off                                         ; On                 ; --          ; --             ;
+-------------------------------------+---------------------------------------------+--------------------+-------------+----------------+


+-------------------------------------------------------------------------------------------------------------------------------+
; Flow Elapsed Time                                                                                                             ;
+---------------------------+--------------+-------------------------+---------------------+------------------------------------+
; Module Name               ; Elapsed Time ; Average Processors Used ; Peak Virtual Memory ; Total CPU Time (on all processors) ;
+---------------------------+--------------+-------------------------+---------------------+------------------------------------+
; Analysis & Synthesis      ; 00:03:34     ; 1.0                     ; 1105 MB             ; 00:03:52                           ;
; Fitter                    ; 00:06:45     ; 1.0                     ; 1803 MB             ; 00:13:30                           ;
; Assembler                 ; 00:00:08     ; 1.0                     ; 805 MB              ; 00:00:08                           ;
; TimeQuest Timing Analyzer ; 00:00:40     ; 1.2                     ; 1564 MB             ; 00:00:42                           ;
; EDA Netlist Writer        ; 00:00:16     ; 1.0                     ; 826 MB              ; 00:00:16                           ;
; Total                     ; 00:11:23     ; --                      ; --                  ; 00:18:28                           ;
+---------------------------+--------------+-------------------------+---------------------+------------------------------------+


+-----------------------------------------------------------------------------------------+
; Flow OS Summary                                                                         ;
+---------------------------+------------------+------------+------------+----------------+
; Module Name               ; Machine Hostname ; OS Name    ; OS Version ; Processor type ;
+---------------------------+------------------+------------+------------+----------------+
; Analysis & Synthesis      ; pcjh             ; Windows 10 ; 10.0       ; x86_64         ;
; Fitter                    ; pcjh             ; Windows 10 ; 10.0       ; x86_64         ;
; Assembler                 ; pcjh             ; Windows 10 ; 10.0       ; x86_64         ;
; TimeQuest Timing Analyzer ; pcjh             ; Windows 10 ; 10.0       ; x86_64         ;
; EDA Netlist Writer        ; pcjh             ; Windows 10 ; 10.0       ; x86_64         ;
+---------------------------+------------------+------------+------------+----------------+


------------
; Flow Log ;
------------
quartus_map --read_settings_files=on --write_settings_files=off projaoc -c projaoc
quartus_fit --read_settings_files=off --write_settings_files=off projaoc -c projaoc
quartus_asm --read_settings_files=off --write_settings_files=off projaoc -c projaoc
quartus_sta projaoc -c projaoc
quartus_eda --read_settings_files=off --write_settings_files=off projaoc -c projaoc



